[    0.000000] Initializing cgroup subsys cpuset
[    0.000000] Initializing cgroup subsys cpu
[    0.000000] Initializing cgroup subsys cpuacct
[    0.000000] Linux version 4.4.0-142-generic (buildd@lgw01-amd64-033) (gcc version 5.4.0 20160609 (Ubuntu 5.4.0-6ubuntu1~16.04.10) ) #168-Ubuntu SMP Wed Jan 16 21:00:45 UTC 2019 (Ubuntu 4.4.0-142.168-generic 4.4.167)
[    0.000000] Command line: BOOT_IMAGE=/boot/vmlinuz-4.4.0-142-generic root=UUID=4e7f1377-7ad4-4874-8265-5e3963bf5219 ro net.ifnames=0 biosdevname=0 console=ttyS0
[    0.000000] KERNEL supported cpus:
[    0.000000]   Intel GenuineIntel
[    0.000000]   AMD AuthenticAMD
[    0.000000]   Centaur CentaurHauls
[    0.000000] x86/fpu: xstate_offset[2]:  576, xstate_sizes[2]:  256
[    0.000000] x86/fpu: Supporting XSAVE feature 0x01: 'x87 floating point registers'
[    0.000000] x86/fpu: Supporting XSAVE feature 0x02: 'SSE registers'
[    0.000000] x86/fpu: Supporting XSAVE feature 0x04: 'AVX registers'
[    0.000000] x86/fpu: Enabled xstate features 0x7, context size is 832 bytes, using 'standard' format.
[    0.000000] e820: BIOS-provided physical RAM map:
[    0.000000] BIOS-e820: [mem 0x0000000000000000-0x000000000009fbff] usable
[    0.000000] BIOS-e820: [mem 0x000000000009fc00-0x000000000009ffff] reserved
[    0.000000] BIOS-e820: [mem 0x00000000000f0000-0x00000000000fffff] reserved
[    0.000000] BIOS-e820: [mem 0x0000000000100000-0x000000007ffdcfff] usable
[    0.000000] BIOS-e820: [mem 0x000000007ffdd000-0x000000007fffffff] reserved
[    0.000000] BIOS-e820: [mem 0x00000000b0000000-0x00000000bfffffff] reserved
[    0.000000] BIOS-e820: [mem 0x00000000fed1c000-0x00000000fed1ffff] reserved
[    0.000000] BIOS-e820: [mem 0x00000000feffc000-0x00000000feffffff] reserved
[    0.000000] BIOS-e820: [mem 0x00000000fffc0000-0x00000000ffffffff] reserved
[    0.000000] BIOS-e820: [mem 0x0000000100000000-0x000000017fffffff] usable
[    0.000000] NX (Execute Disable) protection: active
[    0.000000] SMBIOS 2.8 present.
[    0.000000] Hypervisor detected: KVM
[    0.000000] e820: last_pfn = 0x180000 max_arch_pfn = 0x400000000
[    0.000000] x86/PAT: Configuration [0-7]: WB  WC  UC- UC  WB  WC  UC- WT  
[    0.000000] e820: last_pfn = 0x7ffdd max_arch_pfn = 0x400000000
[    0.000000] found SMP MP-table at [mem 0x000f5b40-0x000f5b4f] mapped at [ffff8800000f5b40]
[    0.000000] Scanning 1 areas for low memory corruption
[    0.000000] RAMDISK: [mem 0x339ca000-0x35cdcfff]
[    0.000000] ACPI: Early table checksum verification disabled
[    0.000000] ACPI: RSDP 0x00000000000F58D0 000014 (v00 BOCHS )
[    0.000000] ACPI: RSDT 0x000000007FFE2663 000038 (v01 BOCHS  BXPCRSDT 00000001 BXPC 00000001)
[    0.000000] ACPI: FACP 0x000000007FFE23B3 0000F4 (v03 BOCHS  BXPCFACP 00000001 BXPC 00000001)
[    0.000000] ACPI: DSDT 0x000000007FFE0040 002373 (v01 BOCHS  BXPCDSDT 00000001 BXPC 00000001)
[    0.000000] ACPI: FACS 0x000000007FFE0000 000040
[    0.000000] ACPI: APIC 0x000000007FFE24A7 000080 (v01 BOCHS  BXPCAPIC 00000001 BXPC 00000001)
[    0.000000] ACPI: HPET 0x000000007FFE2527 000038 (v01 BOCHS  BXPCHPET 00000001 BXPC 00000001)
[    0.000000] ACPI: SRAT 0x000000007FFE255F 0000C8 (v01 BOCHS  BXPCSRAT 00000001 BXPC 00000001)
[    0.000000] ACPI: MCFG 0x000000007FFE2627 00003C (v01 BOCHS  BXPCMCFG 00000001 BXPC 00000001)
[    0.000000] SRAT: PXM 0 -> APIC 0x00 -> Node 0
[    0.000000] SRAT: PXM 0 -> APIC 0x01 -> Node 0
[    0.000000] SRAT: Node 0 PXM 0 [mem 0x00000000-0x0009ffff]
[    0.000000] SRAT: Node 0 PXM 0 [mem 0x00100000-0x7fffffff]
[    0.000000] SRAT: Node 0 PXM 0 [mem 0x100000000-0x17fffffff]
[    0.000000] NUMA: Node 0 [mem 0x00000000-0x0009ffff] + [mem 0x00100000-0x7fffffff] -> [mem 0x00000000-0x7fffffff]
[    0.000000] NUMA: Node 0 [mem 0x00000000-0x7fffffff] + [mem 0x100000000-0x17fffffff] -> [mem 0x00000000-0x17fffffff]
[    0.000000] NODE_DATA(0) allocated [mem 0x17fff9000-0x17fffdfff]
[    0.000000] kvm-clock: Using msrs 4b564d01 and 4b564d00
[    0.000000] kvm-clock: cpu 0, msr 1:7fff1001, primary cpu clock
[    0.000000] kvm-clock: using sched offset of 11418992306 cycles
[    0.000000] clocksource: kvm-clock: mask: 0xffffffffffffffff max_cycles: 0x1cd42e4dffb, max_idle_ns: 881590591483 ns
[    0.000000] Zone ranges:
[    0.000000]   DMA      [mem 0x0000000000001000-0x0000000000ffffff]
[    0.000000]   DMA32    [mem 0x0000000001000000-0x00000000ffffffff]
[    0.000000]   Normal   [mem 0x0000000100000000-0x000000017fffffff]
[    0.000000]   Device   empty
[    0.000000] Movable zone start for each node
[    0.000000] Early memory node ranges
[    0.000000]   node   0: [mem 0x0000000000001000-0x000000000009efff]
[    0.000000]   node   0: [mem 0x0000000000100000-0x000000007ffdcfff]
[    0.000000]   node   0: [mem 0x0000000100000000-0x000000017fffffff]
[    0.000000] Initmem setup node 0 [mem 0x0000000000001000-0x000000017fffffff]
[    0.000000] ACPI: PM-Timer IO Port: 0x608
[    0.000000] ACPI: LAPIC_NMI (acpi_id[0xff] dfl dfl lint[0x1])
[    0.000000] IOAPIC[0]: apic_id 0, version 17, address 0xfec00000, GSI 0-23
[    0.000000] ACPI: INT_SRC_OVR (bus 0 bus_irq 0 global_irq 2 dfl dfl)
[    0.000000] ACPI: INT_SRC_OVR (bus 0 bus_irq 5 global_irq 5 high level)
[    0.000000] ACPI: INT_SRC_OVR (bus 0 bus_irq 9 global_irq 9 high level)
[    0.000000] ACPI: INT_SRC_OVR (bus 0 bus_irq 10 global_irq 10 high level)
[    0.000000] ACPI: INT_SRC_OVR (bus 0 bus_irq 11 global_irq 11 high level)
[    0.000000] Using ACPI (MADT) for SMP configuration information
[    0.000000] ACPI: HPET id: 0x8086a201 base: 0xfed00000
[    0.000000] smpboot: Allowing 2 CPUs, 0 hotplug CPUs
[    0.000000] PM: Registered nosave memory: [mem 0x00000000-0x00000fff]
[    0.000000] PM: Registered nosave memory: [mem 0x0009f000-0x0009ffff]
[    0.000000] PM: Registered nosave memory: [mem 0x000a0000-0x000effff]
[    0.000000] PM: Registered nosave memory: [mem 0x000f0000-0x000fffff]
[    0.000000] PM: Registered nosave memory: [mem 0x7ffdd000-0x7fffffff]
[    0.000000] PM: Registered nosave memory: [mem 0x80000000-0xafffffff]
[    0.000000] PM: Registered nosave memory: [mem 0xb0000000-0xbfffffff]
[    0.000000] PM: Registered nosave memory: [mem 0xc0000000-0xfed1bfff]
[    0.000000] PM: Registered nosave memory: [mem 0xfed1c000-0xfed1ffff]
[    0.000000] PM: Registered nosave memory: [mem 0xfed20000-0xfeffbfff]
[    0.000000] PM: Registered nosave memory: [mem 0xfeffc000-0xfeffffff]
[    0.000000] PM: Registered nosave memory: [mem 0xff000000-0xfffbffff]
[    0.000000] PM: Registered nosave memory: [mem 0xfffc0000-0xffffffff]
[    0.000000] e820: [mem 0xc0000000-0xfed1bfff] available for PCI devices
[    0.000000] Booting paravirtualized kernel on KVM
[    0.000000] clocksource: refined-jiffies: mask: 0xffffffff max_cycles: 0xffffffff, max_idle_ns: 7645519600211568 ns
[    0.000000] setup_percpu: NR_CPUS:512 nr_cpumask_bits:512 nr_cpu_ids:2 nr_node_ids:1
[    0.000000] PERCPU: Embedded 34 pages/cpu @ffff88017fc00000 s99480 r8192 d31592 u1048576
[    0.000000] KVM setup async PF for cpu 0
[    0.000000] kvm-stealtime: cpu 0, msr 17fc10200
[    0.000000] Built 1 zonelists in Node order, mobility grouping on.  Total pages: 1032037
[    0.000000] Policy zone: Normal
[    0.000000] Kernel command line: BOOT_IMAGE=/boot/vmlinuz-4.4.0-142-generic root=UUID=4e7f1377-7ad4-4874-8265-5e3963bf5219 ro net.ifnames=0 biosdevname=0 console=ttyS0
[    0.000000] PID hash table entries: 4096 (order: 3, 32768 bytes)
[    0.000000] Memory: 4007060K/4193772K available (8603K kernel code, 1332K rwdata, 4004K rodata, 1484K init, 1316K bss, 186712K reserved, 0K cma-reserved)
[    0.000000] SLUB: HWalign=64, Order=0-3, MinObjects=0, CPUs=2, Nodes=1
[    0.000000] Kernel/User page tables isolation: enabled
[    0.000000] Hierarchical RCU implementation.
[    0.000000] 	Build-time adjustment of leaf fanout to 64.
[    0.000000] 	RCU restricting CPUs from NR_CPUS=512 to nr_cpu_ids=2.
[    0.000000] RCU: Adjusting geometry for rcu_fanout_leaf=64, nr_cpu_ids=2
[    0.000000] NR_IRQS:33024 nr_irqs:440 16
[    0.000000] Console: colour dummy device 80x25
[    0.000000] console [ttyS0] enabled
[    0.000000] clocksource: hpet: mask: 0xffffffff max_cycles: 0xffffffff, max_idle_ns: 19112604467 ns
[    0.000000] tsc: Detected 1999.991 MHz processor
[    0.275255] Calibrating delay loop (skipped) preset value.. 3999.98 BogoMIPS (lpj=7999964)
[    0.277044] pid_max: default: 32768 minimum: 301
[    0.278033] ACPI: Core revision 20150930
[    0.279628] ACPI: 1 ACPI AML tables successfully acquired and loaded
[    0.280990] Security Framework initialized
[    0.281862] Yama: becoming mindful.
[    0.282747] AppArmor: AppArmor initialized
[    0.284479] Dentry cache hash table entries: 524288 (order: 10, 4194304 bytes)
[    0.289422] Inode-cache hash table entries: 262144 (order: 9, 2097152 bytes)
[    0.292221] Mount-cache hash table entries: 8192 (order: 4, 65536 bytes)
[    0.293593] Mountpoint-cache hash table entries: 8192 (order: 4, 65536 bytes)
[    0.295916] Initializing cgroup subsys io
[    0.296738] Initializing cgroup subsys memory
[    0.297658] Initializing cgroup subsys devices
[    0.298587] Initializing cgroup subsys freezer
[    0.299498] Initializing cgroup subsys net_cls
[    0.300411] Initializing cgroup subsys perf_event
[    0.301551] Initializing cgroup subsys net_prio
[    0.302613] Initializing cgroup subsys hugetlb
[    0.303586] Initializing cgroup subsys pids
[    0.305305] mce: CPU supports 10 MCE banks
[    0.306225] Last level iTLB entries: 4KB 0, 2MB 0, 4MB 0
[    0.307275] Last level dTLB entries: 4KB 0, 2MB 0, 4MB 0, 1GB 0
[    0.308673] Spectre V2 : Mitigation: Full generic retpoline
[    0.309847] Spectre V2 : Spectre v2 / SpectreRSB mitigation: Filling RSB on context switch
[    0.311583] Spectre V2 : Spectre v2 mitigation: Enabling Indirect Branch Prediction Barrier
[    0.313356] Spectre V2 : Enabling Restricted Speculation for firmware calls
[    0.314897] Speculative Store Bypass: Mitigation: Speculative Store Bypass disabled via prctl and seccomp
[    0.319030] Freeing SMP alternatives memory: 32K
[    0.324136] ftrace: allocating 32277 entries in 127 pages
[    0.371441] smpboot: APIC(0) Converting physical 0 to logical package 0
[    0.372850] smpboot: Max logical packages: 1
[    0.374027] x2apic enabled
[    0.374958] Switched APIC routing to physical x2apic.
[    0.377490] ..TIMER: vector=0x30 apic1=0 pin1=2 apic2=-1 pin2=-1
[    0.378822] smpboot: CPU0: Intel Core Processor (Haswell, no TSX) (family: 0x6, model: 0x3c, stepping: 0x1)
[    0.380886] Performance Events: unsupported p6 CPU model 60 no PMU driver, software events only.
[    0.383856] x86: Booting SMP configuration:
[    0.384706] .... node  #0, CPUs:      #1
[    0.385635] kvm-clock: cpu 1, msr 1:7fff1041, secondary cpu clock
[    0.390264] x86: Booted up 1 node, 2 CPUs
[    0.390266] KVM setup async PF for cpu 1
[    0.390271] kvm-stealtime: cpu 1, msr 17fd10200
[    0.392928] smpboot: Total of 2 processors activated (7999.96 BogoMIPS)
[    0.394820] devtmpfs: initialized
[    0.397123] evm: security.selinux
[    0.397883] evm: security.SMACK64
[    0.398601] evm: security.SMACK64EXEC
[    0.399385] evm: security.SMACK64TRANSMUTE
[    0.400271] evm: security.SMACK64MMAP
[    0.401032] evm: security.ima
[    0.401688] evm: security.capability
[    0.402693] clocksource: jiffies: mask: 0xffffffff max_cycles: 0xffffffff, max_idle_ns: 7645041785100000 ns
[    0.404756] futex hash table entries: 512 (order: 3, 32768 bytes)
[    0.406131] pinctrl core: initialized pinctrl subsystem
[    0.407462] RTC time:  8:34:31, date: 10/22/21
[    0.408623] NET: Registered protocol family 16
[    0.419370] cpuidle: using governor ladder
[    0.431431] cpuidle: using governor menu
[    0.432290] PCCT header not found.
[    0.433077] ACPI: bus type PCI registered
[    0.433870] acpiphp: ACPI Hot Plug PCI Controller Driver version: 0.5
[    0.435495] PCI: MMCONFIG for domain 0000 [bus 00-ff] at [mem 0xb0000000-0xbfffffff] (base 0xb0000000)
[    0.437451] PCI: MMCONFIG at [mem 0xb0000000-0xbfffffff] reserved in E820
[    0.438838] PCI: Using configuration type 1 for base access
[    0.452343] ACPI: Added _OSI(Module Device)
[    0.453223] ACPI: Added _OSI(Processor Device)
[    0.454063] ACPI: Added _OSI(3.0 _SCP Extensions)
[    0.454988] ACPI: Added _OSI(Processor Aggregator Device)
[    0.459554] ACPI: Interpreter enabled
[    0.460332] ACPI: (supports S0 S3 S4 S5)
[    0.461105] ACPI: Using IOAPIC for interrupt routing
[    0.462156] PCI: Using host bridge windows from ACPI; if necessary, use "pci=nocrs" and report a bug
[    0.466072] ACPI: PCI Root Bridge [PCI0] (domain 0000 [bus 00-7f])
[    0.467400] acpi PNP0A08:00: _OSC: OS supports [ExtendedConfig ASPM ClockPM Segments MSI]
[    0.469224] acpi PNP0A08:00: _OSC: OS now controls [PCIeHotplug PME AER PCIeCapability]
[    0.471092] PCI host bridge to bus 0000:00
[    0.472085] pci_bus 0000:00: root bus resource [io  0x0000-0x0cf7 window]
[    0.473450] pci_bus 0000:00: root bus resource [io  0x0d00-0xbfff window]
[    0.474813] pci_bus 0000:00: root bus resource [io  0xe000-0xffff window]
[    0.476235] pci_bus 0000:00: root bus resource [mem 0x000a0000-0x000bffff window]
[    0.477760] pci_bus 0000:00: root bus resource [mem 0xc0000000-0xf9ffffff window]
[    0.479427] pci_bus 0000:00: root bus resource [mem 0xfc000000-0xfc9fffff window]
[    0.481172] pci_bus 0000:00: root bus resource [mem 0xfea00000-0xfea11fff window]
[    0.482624] pci_bus 0000:00: root bus resource [mem 0xfea22000-0xfebfffff window]
[    0.484169] pci_bus 0000:00: root bus resource [mem 0x180000000-0x97fffffff window]
[    0.485685] pci_bus 0000:00: root bus resource [bus 00-7f]
[    0.519184] pci 0000:00:1f.0: quirk: [io  0x0600-0x067f] claimed by ICH6 ACPI/GPIO/TCO
[    0.529060] ACPI: PCI Interrupt Link [LNKA] (IRQs 5 *10 11)
[    0.530439] ACPI: PCI Interrupt Link [LNKB] (IRQs 5 *10 11)
[    0.531886] ACPI: PCI Interrupt Link [LNKC] (IRQs 5 10 *11)
[    0.534425] ACPI: PCI Interrupt Link [LNKD] (IRQs 5 10 *11)
[    0.535816] ACPI: PCI Interrupt Link [LNKE] (IRQs 5 *10 11)
[    0.537182] ACPI: PCI Interrupt Link [LNKF] (IRQs 5 *10 11)
[    0.538575] ACPI: PCI Interrupt Link [LNKG] (IRQs 5 10 *11)
[    0.540031] ACPI: PCI Interrupt Link [LNKH] (IRQs 5 10 *11)
[    0.541368] ACPI: PCI Interrupt Link [GSIA] (IRQs *16)
[    0.542597] ACPI: PCI Interrupt Link [GSIB] (IRQs *17)
[    0.543768] ACPI: PCI Interrupt Link [GSIC] (IRQs *18)
[    0.545947] ACPI: PCI Interrupt Link [GSID] (IRQs *19)
[    0.548292] ACPI: PCI Interrupt Link [GSIE] (IRQs *20)
[    0.549865] ACPI: PCI Interrupt Link [GSIF] (IRQs *21)
[    0.551351] ACPI: PCI Interrupt Link [GSIG] (IRQs *22)
[    0.552446] ACPI: PCI Interrupt Link [GSIH] (IRQs *23)
[    0.553771] ACPI: PCI Root Bridge [PC89] (domain 0000 [bus 89-91])
[    0.555124] acpi PNP0A08:01: _OSC: OS supports [ExtendedConfig ASPM ClockPM Segments MSI]
[    0.557065] acpi PNP0A08:01: _OSC: OS now controls [PCIeHotplug PME AER PCIeCapability]
[    0.558731] PCI host bridge to bus 0000:89
[    0.559606] pci_bus 0000:89: root bus resource [io  0xc000-0xcfff window]
[    0.561045] pci_bus 0000:89: root bus resource [mem 0xfa000000-0xfaffffff window]
[    0.562558] pci_bus 0000:89: root bus resource [mem 0xfca00000-0xfd9fffff window]
[    0.564172] pci_bus 0000:89: root bus resource [mem 0xfea1a000-0xfea21fff window]
[    0.565707] pci_bus 0000:89: root bus resource [bus 89-91]
[    0.646574] pci 0000:89:00.0: PCI bridge to [bus 8a]
[    0.648961] pci 0000:89:01.0: PCI bridge to [bus 8b]
[    0.651155] pci 0000:89:02.0: PCI bridge to [bus 8c]
[    0.653529] pci 0000:89:03.0: PCI bridge to [bus 8d]
[    0.655981] pci 0000:89:04.0: PCI bridge to [bus 8e]
[    0.658378] pci 0000:89:05.0: PCI bridge to [bus 8f]
[    0.661247] pci 0000:89:06.0: PCI bridge to [bus 90]
[    0.663490] pci 0000:89:07.0: PCI bridge to [bus 91]
[    0.672818] ACPI: PCI Root Bridge [PC80] (domain 0000 [bus 80-88])
[    0.674087] acpi PNP0A08:02: _OSC: OS supports [ExtendedConfig ASPM ClockPM Segments MSI]
[    0.675923] acpi PNP0A08:02: _OSC: OS now controls [PCIeHotplug PME AER PCIeCapability]
[    0.677607] PCI host bridge to bus 0000:80
[    0.678471] pci_bus 0000:80: root bus resource [io  0xd000-0xdfff window]
[    0.679962] pci_bus 0000:80: root bus resource [mem 0xfb000000-0xfbffffff window]
[    0.681452] pci_bus 0000:80: root bus resource [mem 0xfda00000-0xfe9fffff window]
[    0.682943] pci_bus 0000:80: root bus resource [mem 0xfea12000-0xfea19fff window]
[    0.684517] pci_bus 0000:80: root bus resource [bus 80-88]
[    0.753656] pci 0000:80:00.0: PCI bridge to [bus 81]
[    0.755902] pci 0000:80:01.0: PCI bridge to [bus 82]
[    0.757998] pci 0000:80:02.0: PCI bridge to [bus 83]
[    0.760277] pci 0000:80:03.0: PCI bridge to [bus 84]
[    0.763217] pci 0000:80:04.0: PCI bridge to [bus 85]
[    0.765590] pci 0000:80:05.0: PCI bridge to [bus 86]
[    0.767804] pci 0000:80:06.0: PCI bridge to [bus 87]
[    0.769953] pci 0000:80:07.0: PCI bridge to [bus 88]
[    0.779971] ACPI: Enabled 1 GPEs in block 00 to 3F
[    0.781582] vgaarb: setting as boot device: PCI:0000:00:01.0
[    0.783946] vgaarb: device added: PCI:0000:00:01.0,decodes=io+mem,owns=io+mem,locks=none
[    0.785611] vgaarb: loaded
[    0.786221] vgaarb: bridge control possible 0000:00:01.0
[    0.787780] SCSI subsystem initialized
[    0.788829] ACPI: bus type USB registered
[    0.789743] usbcore: registered new interface driver usbfs
[    0.790926] usbcore: registered new interface driver hub
[    0.792239] usbcore: registered new device driver usb
[    0.797012] PCI: Using ACPI for IRQ routing
[    0.888086] NetLabel: Initializing
[    0.888879] NetLabel:  domain hash size = 128
[    0.889815] NetLabel:  protocols = UNLABELED CIPSOv4
[    0.890888] NetLabel:  unlabeled traffic allowed by default
[    0.892443] hpet0: at MMIO 0xfed00000, IRQs 2, 8, 0
[    0.893614] hpet0: 3 comparators, 64-bit 100.000000 MHz counter
[    0.898056] amd_nb: Cannot enumerate AMD northbridges
[    0.899260] clocksource: Switched to clocksource kvm-clock
[    0.912098] AppArmor: AppArmor Filesystem Enabled
[    0.913157] pnp: PnP ACPI init
[    0.914439] pnp: PnP ACPI: found 7 devices
[    0.923444] clocksource: acpi_pm: mask: 0xffffff max_cycles: 0xffffff, max_idle_ns: 2085701024 ns
[    0.938474] pci 0000:89:01.0: BAR 13: no space for [io  size 0x1000]
[    0.940001] pci 0000:89:01.0: BAR 13: failed to assign [io  size 0x1000]
[    0.941493] pci 0000:89:02.0: BAR 13: no space for [io  size 0x1000]
[    0.942967] pci 0000:89:02.0: BAR 13: failed to assign [io  size 0x1000]
[    0.944443] pci 0000:89:03.0: BAR 13: no space for [io  size 0x1000]
[    0.945844] pci 0000:89:03.0: BAR 13: failed to assign [io  size 0x1000]
[    0.947320] pci 0000:89:04.0: BAR 13: no space for [io  size 0x1000]
[    0.948812] pci 0000:89:04.0: BAR 13: failed to assign [io  size 0x1000]
[    0.950261] pci 0000:89:05.0: BAR 13: no space for [io  size 0x1000]
[    0.951693] pci 0000:89:05.0: BAR 13: failed to assign [io  size 0x1000]
[    0.953227] pci 0000:89:06.0: BAR 13: no space for [io  size 0x1000]
[    0.954673] pci 0000:89:06.0: BAR 13: failed to assign [io  size 0x1000]
[    0.956233] pci 0000:89:07.0: BAR 13: no space for [io  size 0x1000]
[    0.957682] pci 0000:89:07.0: BAR 13: failed to assign [io  size 0x1000]
[    0.959253] pci 0000:89:07.0: BAR 13: no space for [io  size 0x1000]
[    0.960669] pci 0000:89:07.0: BAR 13: failed to assign [io  size 0x1000]
[    0.962057] pci 0000:89:06.0: BAR 13: no space for [io  size 0x1000]
[    0.963547] pci 0000:89:06.0: BAR 13: failed to assign [io  size 0x1000]
[    0.965149] pci 0000:89:05.0: BAR 13: no space for [io  size 0x1000]
[    0.966592] pci 0000:89:05.0: BAR 13: failed to assign [io  size 0x1000]
[    0.968009] pci 0000:89:04.0: BAR 13: no space for [io  size 0x1000]
[    0.969431] pci 0000:89:04.0: BAR 13: failed to assign [io  size 0x1000]
[    0.970989] pci 0000:89:03.0: BAR 13: no space for [io  size 0x1000]
[    0.972388] pci 0000:89:03.0: BAR 13: failed to assign [io  size 0x1000]
[    0.973917] pci 0000:89:02.0: BAR 13: no space for [io  size 0x1000]
[    0.975428] pci 0000:89:02.0: BAR 13: failed to assign [io  size 0x1000]
[    0.976939] pci 0000:89:01.0: BAR 13: no space for [io  size 0x1000]
[    0.978311] pci 0000:89:01.0: BAR 13: failed to assign [io  size 0x1000]
[    0.979752] pci 0000:89:00.0: PCI bridge to [bus 8a]
[    0.980804] pci 0000:89:00.0:   bridge window [io  0xc000-0xcfff]
[    0.983767] pci 0000:89:00.0:   bridge window [mem 0xfd800000-0xfd9fffff]
[    0.986249] pci 0000:89:00.0:   bridge window [mem 0xfae00000-0xfaffffff 64bit pref]
[    0.990480] pci 0000:89:01.0: PCI bridge to [bus 8b]
[    0.993037] pci 0000:89:01.0:   bridge window [mem 0xfd600000-0xfd7fffff]
[    0.995689] pci 0000:89:01.0:   bridge window [mem 0xfac00000-0xfadfffff 64bit pref]
[    0.999907] pci 0000:89:02.0: PCI bridge to [bus 8c]
[    1.002353] pci 0000:89:02.0:   bridge window [mem 0xfd400000-0xfd5fffff]
[    1.004707] pci 0000:89:02.0:   bridge window [mem 0xfaa00000-0xfabfffff 64bit pref]
[    1.008471] pci 0000:89:03.0: PCI bridge to [bus 8d]
[    1.011525] pci 0000:89:03.0:   bridge window [mem 0xfd200000-0xfd3fffff]
[    1.013911] pci 0000:89:03.0:   bridge window [mem 0xfa800000-0xfa9fffff 64bit pref]
[    1.017160] pci 0000:89:04.0: PCI bridge to [bus 8e]
[    1.019448] pci 0000:89:04.0:   bridge window [mem 0xfd000000-0xfd1fffff]
[    1.022304] pci 0000:89:04.0:   bridge window [mem 0xfa600000-0xfa7fffff 64bit pref]
[    1.025539] pci 0000:89:05.0: PCI bridge to [bus 8f]
[    1.027884] pci 0000:89:05.0:   bridge window [mem 0xfce00000-0xfcffffff]
[    1.030204] pci 0000:89:05.0:   bridge window [mem 0xfa400000-0xfa5fffff 64bit pref]
[    1.034010] pci 0000:89:06.0: PCI bridge to [bus 90]
[    1.036247] pci 0000:89:06.0:   bridge window [mem 0xfcc00000-0xfcdfffff]
[    1.038435] pci 0000:89:06.0:   bridge window [mem 0xfa200000-0xfa3fffff 64bit pref]
[    1.042184] pci 0000:89:07.0: PCI bridge to [bus 91]
[    1.044469] pci 0000:89:07.0:   bridge window [mem 0xfca00000-0xfcbfffff]
[    1.046702] pci 0000:89:07.0:   bridge window [mem 0xfa000000-0xfa1fffff 64bit pref]
[    1.058737] pci 0000:80:01.0: BAR 13: no space for [io  size 0x1000]
[    1.060176] pci 0000:80:01.0: BAR 13: failed to assign [io  size 0x1000]
[    1.061620] pci 0000:80:02.0: BAR 13: no space for [io  size 0x1000]
[    1.063736] pci 0000:80:02.0: BAR 13: failed to assign [io  size 0x1000]
[    1.065219] pci 0000:80:03.0: BAR 13: no space for [io  size 0x1000]
[    1.066587] pci 0000:80:03.0: BAR 13: failed to assign [io  size 0x1000]
[    1.068100] pci 0000:80:04.0: BAR 13: no space for [io  size 0x1000]
[    1.069390] pci 0000:80:04.0: BAR 13: failed to assign [io  size 0x1000]
[    1.070747] pci 0000:80:05.0: BAR 13: no space for [io  size 0x1000]
[    1.072129] pci 0000:80:05.0: BAR 13: failed to assign [io  size 0x1000]
[    1.073556] pci 0000:80:06.0: BAR 13: no space for [io  size 0x1000]
[    1.077528] pci 0000:80:06.0: BAR 13: failed to assign [io  size 0x1000]
[    1.078887] pci 0000:80:07.0: BAR 13: no space for [io  size 0x1000]
[    1.080189] pci 0000:80:07.0: BAR 13: failed to assign [io  size 0x1000]
[    1.081470] pci 0000:80:07.0: BAR 13: no space for [io  size 0x1000]
[    1.082676] pci 0000:80:07.0: BAR 13: failed to assign [io  size 0x1000]
[    1.084009] pci 0000:80:06.0: BAR 13: no space for [io  size 0x1000]
[    1.085316] pci 0000:80:06.0: BAR 13: failed to assign [io  size 0x1000]
[    1.086700] pci 0000:80:05.0: BAR 13: no space for [io  size 0x1000]
[    1.088002] pci 0000:80:05.0: BAR 13: failed to assign [io  size 0x1000]
[    1.089355] pci 0000:80:04.0: BAR 13: no space for [io  size 0x1000]
[    1.090634] pci 0000:80:04.0: BAR 13: failed to assign [io  size 0x1000]
[    1.092180] pci 0000:80:03.0: BAR 13: no space for [io  size 0x1000]
[    1.093549] pci 0000:80:03.0: BAR 13: failed to assign [io  size 0x1000]
[    1.094856] pci 0000:80:02.0: BAR 13: no space for [io  size 0x1000]
[    1.096173] pci 0000:80:02.0: BAR 13: failed to assign [io  size 0x1000]
[    1.097549] pci 0000:80:01.0: BAR 13: no space for [io  size 0x1000]
[    1.099048] pci 0000:80:01.0: BAR 13: failed to assign [io  size 0x1000]
[    1.100658] pci 0000:80:00.0: PCI bridge to [bus 81]
[    1.101817] pci 0000:80:00.0:   bridge window [io  0xd000-0xdfff]
[    1.105206] pci 0000:80:00.0:   bridge window [mem 0xfe800000-0xfe9fffff]
[    1.108048] pci 0000:80:00.0:   bridge window [mem 0xfbe00000-0xfbffffff 64bit pref]
[    1.112566] pci 0000:80:01.0: PCI bridge to [bus 82]
[    1.115914] pci 0000:80:01.0:   bridge window [mem 0xfe600000-0xfe7fffff]
[    1.118263] pci 0000:80:01.0:   bridge window [mem 0xfbc00000-0xfbdfffff 64bit pref]
[    1.121815] pci 0000:80:02.0: PCI bridge to [bus 83]
[    1.124882] pci 0000:80:02.0:   bridge window [mem 0xfe400000-0xfe5fffff]
[    1.127916] pci 0000:80:02.0:   bridge window [mem 0xfba00000-0xfbbfffff 64bit pref]
[    1.131173] pci 0000:80:03.0: PCI bridge to [bus 84]
[    1.133656] pci 0000:80:03.0:   bridge window [mem 0xfe200000-0xfe3fffff]
[    1.135991] pci 0000:80:03.0:   bridge window [mem 0xfb800000-0xfb9fffff 64bit pref]
[    1.139818] pci 0000:80:04.0: PCI bridge to [bus 85]
[    1.142020] pci 0000:80:04.0:   bridge window [mem 0xfe000000-0xfe1fffff]
[    1.144299] pci 0000:80:04.0:   bridge window [mem 0xfb600000-0xfb7fffff 64bit pref]
[    1.148264] pci 0000:80:05.0: PCI bridge to [bus 86]
[    1.150554] pci 0000:80:05.0:   bridge window [mem 0xfde00000-0xfdffffff]
[    1.152892] pci 0000:80:05.0:   bridge window [mem 0xfb400000-0xfb5fffff 64bit pref]
[    1.156151] pci 0000:80:06.0: PCI bridge to [bus 87]
[    1.159333] pci 0000:80:06.0:   bridge window [mem 0xfdc00000-0xfddfffff]
[    1.161714] pci 0000:80:06.0:   bridge window [mem 0xfb200000-0xfb3fffff 64bit pref]
[    1.165227] pci 0000:80:07.0: PCI bridge to [bus 88]
[    1.167837] pci 0000:80:07.0:   bridge window [mem 0xfda00000-0xfdbfffff]
[    1.170773] pci 0000:80:07.0:   bridge window [mem 0xfb000000-0xfb1fffff 64bit pref]
[    1.174034] NET: Registered protocol family 2
[    1.175228] TCP established hash table entries: 32768 (order: 6, 262144 bytes)
[    1.176976] TCP bind hash table entries: 32768 (order: 7, 524288 bytes)
[    1.179361] TCP: Hash tables configured (established 32768 bind 32768)
[    1.180938] UDP hash table entries: 2048 (order: 4, 65536 bytes)
[    1.182256] UDP-Lite hash table entries: 2048 (order: 4, 65536 bytes)
[    1.183991] NET: Registered protocol family 1
[    1.185353] ACPI: PCI Interrupt Link [GSIF] enabled at IRQ 21
[    1.188078] Unpacking initramfs...
[    1.753874] Freeing initrd memory: 35916K
[    1.754803] PCI-DMA: Using software bounce buffering for IO (SWIOTLB)
[    1.756238] software IO TLB [mem 0x7bfdd000-0x7ffdd000] (64MB) mapped at [ffff88007bfdd000-ffff88007ffdcfff]
[    1.758488] Scanning for low memory corruption every 60 seconds
[    1.760339] audit: initializing netlink subsys (disabled)
[    1.761609] audit: type=2000 audit(1634891673.094:1): initialized
[    1.763216] Initialise system trusted keyring
[    1.764545] HugeTLB registered 2 MB page size, pre-allocated 0 pages
[    1.767478] zbud: loaded
[    1.768534] VFS: Disk quotas dquot_6.6.0
[    1.769411] VFS: Dquot-cache hash table entries: 512 (order 0, 4096 bytes)
[    1.771143] squashfs: version 4.0 (2009/01/31) Phillip Lougher
[    1.772984] fuse init (API version 7.23)
[    1.774080] Key type big_key registered
[    1.774980] Allocating IMA MOK and blacklist keyrings.
[    1.777146] Key type asymmetric registered
[    1.778106] Asymmetric key parser 'x509' registered
[    1.779209] Block layer SCSI generic (bsg) driver version 0.4 loaded (major 249)
[    1.781055] io scheduler noop registered
[    1.782195] io scheduler deadline registered (default)
[    1.783386] io scheduler cfq registered
[    1.809479] ACPI: PCI Interrupt Link [LNKD] enabled at IRQ 11
[    1.836511] ACPI: PCI Interrupt Link [LNKA] enabled at IRQ 10
[    1.862968] ACPI: PCI Interrupt Link [LNKB] enabled at IRQ 10
[    1.888739] ACPI: PCI Interrupt Link [LNKC] enabled at IRQ 11
[    2.195337] pcieport 0000:89:00.0: Signaling PME through PCIe PME interrupt
[    2.196936] pci 0000:8a:00.0: Signaling PME through PCIe PME interrupt
[    2.198535] pcieport 0000:89:01.0: Signaling PME through PCIe PME interrupt
[    2.200274] pcieport 0000:89:02.0: Signaling PME through PCIe PME interrupt
[    2.201933] pcieport 0000:89:03.0: Signaling PME through PCIe PME interrupt
[    2.203544] pcieport 0000:89:04.0: Signaling PME through PCIe PME interrupt
[    2.205060] pcieport 0000:89:05.0: Signaling PME through PCIe PME interrupt
[    2.206681] pcieport 0000:89:06.0: Signaling PME through PCIe PME interrupt
[    2.208319] pcieport 0000:89:07.0: Signaling PME through PCIe PME interrupt
[    2.209839] pcieport 0000:80:00.0: Signaling PME through PCIe PME interrupt
[    2.211232] pci 0000:81:00.0: Signaling PME through PCIe PME interrupt
[    2.212778] pcieport 0000:80:01.0: Signaling PME through PCIe PME interrupt
[    2.214542] pcieport 0000:80:02.0: Signaling PME through PCIe PME interrupt
[    2.216144] pcieport 0000:80:03.0: Signaling PME through PCIe PME interrupt
[    2.217742] pcieport 0000:80:04.0: Signaling PME through PCIe PME interrupt
[    2.219422] pcieport 0000:80:05.0: Signaling PME through PCIe PME interrupt
[    2.221068] pcieport 0000:80:06.0: Signaling PME through PCIe PME interrupt
[    2.222632] pcieport 0000:80:07.0: Signaling PME through PCIe PME interrupt
[    2.224162] pci_hotplug: PCI Hot Plug PCI Core version: 0.5
[    2.225327] pciehp 0000:89:00.0:pcie04: Slot #8 AttnBtn+ PwrCtrl+ MRL- AttnInd+ PwrInd+ HotPlug+ Surprise+ Interlock+ NoCompl- LLActRep-
[    2.228530] pciehp 0000:89:01.0:pcie04: Slot #9 AttnBtn+ PwrCtrl+ MRL- AttnInd+ PwrInd+ HotPlug+ Surprise+ Interlock+ NoCompl- LLActRep-
[    2.231330] pciehp 0000:89:02.0:pcie04: Slot #10 AttnBtn+ PwrCtrl+ MRL- AttnInd+ PwrInd+ HotPlug+ Surprise+ Interlock+ NoCompl- LLActRep-
[    2.234165] pciehp 0000:89:03.0:pcie04: Slot #11 AttnBtn+ PwrCtrl+ MRL- AttnInd+ PwrInd+ HotPlug+ Surprise+ Interlock+ NoCompl- LLActRep-
[    2.236926] pciehp 0000:89:04.0:pcie04: Slot #12 AttnBtn+ PwrCtrl+ MRL- AttnInd+ PwrInd+ HotPlug+ Surprise+ Interlock+ NoCompl- LLActRep-
[    2.239833] pciehp 0000:89:05.0:pcie04: Slot #13 AttnBtn+ PwrCtrl+ MRL- AttnInd+ PwrInd+ HotPlug+ Surprise+ Interlock+ NoCompl- LLActRep-
[    2.243004] pciehp 0000:89:06.0:pcie04: Slot #14 AttnBtn+ PwrCtrl+ MRL- AttnInd+ PwrInd+ HotPlug+ Surprise+ Interlock+ NoCompl- LLActRep-
[    2.246081] pciehp 0000:89:07.0:pcie04: Slot #15 AttnBtn+ PwrCtrl+ MRL- AttnInd+ PwrInd+ HotPlug+ Surprise+ Interlock+ NoCompl- LLActRep-
[    2.248896] pciehp 0000:80:00.0:pcie04: Slot #0 AttnBtn+ PwrCtrl+ MRL- AttnInd+ PwrInd+ HotPlug+ Surprise+ Interlock+ NoCompl- LLActRep-
[    2.251664] pciehp 0000:80:01.0:pcie04: Slot #1 AttnBtn+ PwrCtrl+ MRL- AttnInd+ PwrInd+ HotPlug+ Surprise+ Interlock+ NoCompl- LLActRep-
[    2.256904] pciehp 0000:80:02.0:pcie04: Slot #2 AttnBtn+ PwrCtrl+ MRL- AttnInd+ PwrInd+ HotPlug+ Surprise+ Interlock+ NoCompl- LLActRep-
[    2.260037] pciehp 0000:80:03.0:pcie04: Slot #3 AttnBtn+ PwrCtrl+ MRL- AttnInd+ PwrInd+ HotPlug+ Surprise+ Interlock+ NoCompl- LLActRep-
[    2.263315] pciehp 0000:80:04.0:pcie04: Slot #4 AttnBtn+ PwrCtrl+ MRL- AttnInd+ PwrInd+ HotPlug+ Surprise+ Interlock+ NoCompl- LLActRep-
[    2.266150] pciehp 0000:80:05.0:pcie04: Slot #5 AttnBtn+ PwrCtrl+ MRL- AttnInd+ PwrInd+ HotPlug+ Surprise+ Interlock+ NoCompl- LLActRep-
[    2.269077] pciehp 0000:80:06.0:pcie04: Slot #6 AttnBtn+ PwrCtrl+ MRL- AttnInd+ PwrInd+ HotPlug+ Surprise+ Interlock+ NoCompl- LLActRep-
[    2.272591] pciehp 0000:80:07.0:pcie04: Slot #7 AttnBtn+ PwrCtrl+ MRL- AttnInd+ PwrInd+ HotPlug+ Surprise+ Interlock+ NoCompl- LLActRep-
[    2.275272] pciehp: PCI Express Hot Plug Controller Driver version: 0.4
[    2.276715] efifb: probing for efifb
[    2.277477] efifb: framebuffer at 0xf9000000, mapped to 0xffffc90000800000, using 1408k, total 1408k
[    2.279395] efifb: mode is 800x600x24, linelength=2400, pages=1
[    2.280759] efifb: scrolling: redraw
[    2.281490] efifb: Truecolor: size=0:8:8:8, shift=0:16:8:0
[    2.284859] Console: switching to colour frame buffer device 100x37
[    2.287877] fb0: EFI VGA frame buffer device
[    2.288885] input: Power Button as /devices/LNXSYSTM:00/LNXPWRBN:00/input/input0
[    2.290381] ACPI: Power Button [PWRF]
[    2.291469] GHES: HEST is not enabled!
[    2.337884] Serial: 8250/16550 driver, 32 ports, IRQ sharing enabled
[    2.364948] 00:03: ttyS0 at I/O 0x3f8 (irq = 4, base_baud = 115200) is a 16550A
[    2.392850] 00:04: ttyS1 at I/O 0x2f8 (irq = 3, base_baud = 115200) is a 16550A
[    2.420507] 00:05: ttyS2 at I/O 0x3e8 (irq = 6, base_baud = 115200) is a 16550A
[    2.447593] 00:06: ttyS3 at I/O 0x2e8 (irq = 7, base_baud = 115200) is a 16550A
[    2.451534] Linux agpgart interface v0.103
[    2.455725] loop: module loaded
[    2.470450]  vda: vda1 vda2
[    2.471578] libphy: Fixed MDIO Bus: probed
[    2.472471] tun: Universal TUN/TAP device driver, 1.6
[    2.473592] tun: (C) 1999-2004 Max Krasnyansky <maxk@qualcomm.com>
[    2.477408] PPP generic driver version 2.4.2
[    2.478489] ehci_hcd: USB 2.0 'Enhanced' Host Controller (EHCI) Driver
[    2.480023] ehci-pci: EHCI PCI platform driver
[    2.482123] ehci-pci 0000:00:02.0: EHCI Host Controller
[    2.483236] ehci-pci 0000:00:02.0: new USB bus registered, assigned bus number 1
[    2.485110] ehci-pci 0000:00:02.0: irq 21, io mem 0xfea11000
[    2.495368] ehci-pci 0000:00:02.0: USB 2.0 started, EHCI 1.00
[    2.496936] usb usb1: New USB device found, idVendor=1d6b, idProduct=0002
[    2.498364] usb usb1: New USB device strings: Mfr=3, Product=2, SerialNumber=1
[    2.499998] usb usb1: Product: EHCI Host Controller
[    2.501045] usb usb1: Manufacturer: Linux 4.4.0-142-generic ehci_hcd
[    2.502570] usb usb1: SerialNumber: 0000:00:02.0
[    2.503926] hub 1-0:1.0: USB hub found
[    2.504715] hub 1-0:1.0: 6 ports detected
[    2.505751] ehci-platform: EHCI generic platform driver
[    2.506896] ohci_hcd: USB 1.1 'Open' Host Controller (OHCI) Driver
[    2.508360] ohci-pci: OHCI PCI platform driver
[    2.509332] ohci-platform: OHCI generic platform driver
[    2.510392] uhci_hcd: USB Universal Host Controller Interface driver
[    2.511976] i8042: PNP: PS/2 Controller [PNP0303:KBD,PNP0f13:MOU] at 0x60,0x64 irq 1,12
[    2.514913] serio: i8042 KBD port at 0x60,0x64 irq 1
[    2.516264] serio: i8042 AUX port at 0x60,0x64 irq 12
[    2.517582] mousedev: PS/2 mouse device common for all mice
[    2.519415] input: AT Translated Set 2 keyboard as /devices/platform/i8042/serio0/input/input1
[    2.521913] rtc_cmos 00:00: RTC can wake from S4
[    2.523729] rtc_cmos 00:00: rtc core: registered rtc_cmos as rtc0
[    2.525427] rtc_cmos 00:00: alarms up to one day, y3k, 114 bytes nvram, hpet irqs
[    2.527549] i2c /dev entries driver
[    2.528464] device-mapper: uevent: version 1.0.3
[    2.529623] device-mapper: ioctl: 4.34.0-ioctl (2015-10-28) initialised: dm-devel@redhat.com
[    2.531519] ledtrig-cpu: registered to indicate activity on CPUs
[    2.533452] NET: Registered protocol family 10
[    2.534734] NET: Registered protocol family 17
[    2.535916] Key type dns_resolver registered
[    2.537294] registered taskstats version 1
[    2.538206] Loading compiled-in X.509 certificates
[    2.540185] Loaded X.509 cert 'Build time autogenerated kernel key: bff73e56bc0efa7435b2a24f5427674623f1be80'
[    2.542478] zswap: loaded using pool lzo/zbud
[    2.547338] Key type trusted registered
[    2.552112] Key type encrypted registered
[    2.552965] AppArmor: AppArmor sha1 policy hashing enabled
[    2.554203] ima: No TPM chip found, activating TPM-bypass!
[    2.555458] ima: Allocated hash algorithm: sha1
[    2.556547] evm: HMAC attrs: 0x1
[    2.559047]   Magic number: 9:554:574
[    2.560007] pcie_pme 0000:80:00.0:pcie01: hash matches
[    2.561317] rtc_cmos 00:00: setting system clock to 2021-10-22 08:34:33 UTC (1634891673)
[    2.563152] BIOS EDD facility v0.16 2004-Jun-25, 0 devices found
[    2.564537] EDD information not available.
[    2.567311] Freeing unused kernel memory: 1484K
[    2.583327] Write protecting the kernel read-only data: 14336k
[    2.585694] Freeing unused kernel memory: 1624K
[    2.587014] Freeing unused kernel memory: 92K
Loading, please wait...
starting version 229
[    2.602149] random: systemd-udevd: uninitialized urandom read (16 bytes read, 2 bits of entropy available)
[    2.603696] random: udevadm: uninitialized urandom read (16 bytes read, 2 bits of entropy available)
[    2.603751] random: udevadm: uninitialized urandom read (16 bytes read, 2 bits of entropy available)
[    2.611792] random: systemd-udevd: uninitialized urandom read (16 bytes read, 2 bits of entropy available)
[    2.615147] random: systemd-udevd: uninitialized urandom read (16 bytes read, 2 bits of entropy available)
[    2.619096] random: systemd-udevd: uninitialized urandom read (16 bytes read, 2 bits of entropy available)
[    2.622376] random: systemd-udevd: uninitialized urandom read (16 bytes read, 2 bits of entropy available)
[    2.623477] random: udevadm: uninitialized urandom read (16 bytes read, 2 bits of entropy available)
[    2.623563] random: udevadm: uninitialized urandom read (16 bytes read, 2 bits of entropy available)
[    2.623887] random: udevadm: uninitialized urandom read (16 bytes read, 2 bits of entropy available)
[    2.713355] psmouse serio1: vmmouse: failed to disable vmmouse device
[    2.755397] tsc: Refined TSC clocksource calibration: 1999.988 MHz
[    2.756946] clocksource: tsc: mask: 0xffffffffffffffff max_cycles: 0x39a845e2527, max_idle_ns: 881590485101 ns
[    2.815335] usb 1-1: new high-speed USB device number 2 using ehci-pci
Begin: Loading essential drivers ... done.
Begin: Running /scripts/init-premount ... done.
Begin: Mounting root file system ... Begin: Running /scripts/local-top ... done.
Begin: Running /scripts/local-premount ... done.
[    2.949120] usb 1-1: New USB device found, idVendor=0627, idProduct=0001
[    2.950845] usb 1-1: New USB device strings: Mfr=1, Product=3, SerialNumber=5
[    2.953009] usb 1-1: Product: QEMU USB Tablet
[    2.954329] usb 1-1: Manufacturer: QEMU
[    2.955204] usb 1-1: SerialNumber: 42
Begin: Will now check root file system ... fsck from util-linux 2.27.1
[    2.964501] hidraw: raw HID events driver (C) Jiri Kosina
[    2.971458] usbcore: registered new interface driver usbhid
[    2.972896] usbhid: USB HID core driver
[    2.976789] input: QEMU QEMU USB Tablet as /devices/pci0000:00/0000:00:02.0/usb1/1-1/1-1:1.0/0003:0627:0001.0001/input/input4
[    2.980067] hid-generic 0003:0627:0001.0001: input,hidraw0: USB HID v0.01 Mouse [QEMU QEMU USB Tablet] on usb-0000:00:02.0-1/input0
[/sbin/fsck.ext4 (1) -- /dev/vda2] fsck.ext4 -a -C0 /dev/vda2 
/dev/vda2: clean, 87024/640000 files, 618510/2620923 blocks
done.
[    3.132184] EXT4-fs (vda2): mounted filesystem with ordered data mode. Opts: (null)
done.
Begin: Running /scripts/local-bottom ... done.
Begin: Running /scripts/init-bottom ... done.
[    3.753443] input: ImExPS/2 VMware VMMouse as /devices/platform/i8042/serio1/input/input3
[    4.230811] systemd[1]: systemd 229 running in system mode. (+PAM +AUDIT +SELINUX +IMA +APPARMOR +SMACK +SYSVINIT +UTMP +LIBCRYPTSETUP +GCRYPT +GNUTLS +ACL +XZ -LZ4 +SECCOMP +BLKID +ELFUTILS +KMOD -IDN)
[    4.234826] systemd[1]: Detected virtualization kvm.
[    4.235983] systemd[1]: Detected architecture x86-64.

Welcome to [1mUbuntu 16.04.7 LTS[0m!

[    4.251823] systemd[1]: Set hostname to <fhm0k2l4bl29tp0a2b6g>.
[    5.533443] systemd[1]: Started Dispatch Password Requests to Console Directory Watch.
[[0;32m  OK  [0m] Started Dispatch Password Requests to Console Directory Watch.
[    5.537464] systemd[1]: Listening on Journal Socket.
[[0;32m  OK  [0m] Listening on Journal Socket.
[    5.540210] systemd[1]: Reached target User and Group Name Lookups.
[[0;32m  OK  [0m] Reached target User and Group Name Lookups.
[    5.543586] systemd[1]: Listening on udev Kernel Socket.
[[0;32m  OK  [0m] Listening on udev Kernel Socket.
[    5.546416] systemd[1]: Reached target Encrypted Volumes.
[[0;32m  OK  [0m] Reached target Encrypted Volumes.
[    5.549339] systemd[1]: Created slice System Slice.
[[0;32m  OK  [0m] Created slice System Slice.
[    5.567534] systemd[1]: Starting Set console keymap...
         Starting Set console keymap...
[    5.571534] systemd[1]: Mounting Huge Pages File System...
         Mounting Huge Pages File System...
[    5.575981] systemd[1]: Mounting Debug File System...
         Mounting Debug File System...
[    5.580538] systemd[1]: Created slice system-serial\x2dgetty.slice.
[[0;32m  OK  [0m] Created slice system-serial\x2dgetty.slice.
[    5.583824] systemd[1]: Listening on Syslog Socket.
[[0;32m  OK  [0m] Listening on Syslog Socket.
[    5.586637] systemd[1]: Created slice User and Session Slice.
[[0;32m  OK  [0m] Created slice User and Session Slice.
[    5.589817] systemd[1]: Reached target Slices.
[[0;32m  OK  [0m] Reached target Slices.
[    5.592475] systemd[1]: Reached target Remote File Systems (Pre).
[[0;32m  OK  [0m] Reached target Remote File Systems (Pre).
[    5.595559] systemd[1]: Reached target Remote File Systems.
[[0;32m  OK  [0m] Reached target Remote File Systems.
[    5.598438] systemd[1]: Reached target Swap.
[[0;32m  OK  [0m] Reached target Swap.
[    5.601143] systemd[1]: Set up automount Arbitrary Executable File Formats File System Automount Point.
[[0;32m  OK  [0m] Set up automount Arbitrary Executab...ats File System Automount Point.
[    5.615527] systemd[1]: Starting Create list of required static device nodes for the current kernel...
         Starting Create list of required st... nodes for the current kernel...
[    5.620018] systemd[1]: Listening on Journal Socket (/dev/log).
[[0;32m  OK  [0m] Listening on Journal Socket (/dev/log).
[    5.623707] systemd[1]: Starting Nameserver information manager...
         Starting Nameserver information manager...
[    5.627358] systemd[1]: Started Trigger resolvconf update for networkd DNS.
[[0;32m  OK  [0m] Started Trigger resolvconf update for networkd DNS.
[    5.631007] systemd[1]: Listening on /dev/initctl Compatibility Named Pipe.
[[0;32m  OK  [0m] Listening on /dev/initctl Compatibility Named Pipe.
[    5.634497] systemd[1]: Listening on fsck to fsckd communication Socket.
[[0;32m  OK  [0m] Listening on fsck to fsckd communication Socket.
[    5.715520] systemd[1]: Starting Load Kernel Modules...
         Starting Load Kernel Modules...
[    5.718918] systemd[1]: Listening on Journal Audit Socket.
[[0;32m  OK  [0m] Listening on Journal Audit Socket.
[    5.722096] systemd[1]: Starting Journal Service...
         Starting Journal Service...
[    5.758393] systemd[1]: Started Forward Password Requests to Wall Directory Watch.
[[0;32m  OK  [0m] Started Forward Password Requests to Wall Directory Watch.
[    5.761937] systemd[1]: Reached target Paths.
[[0;32m  OK  [0m] Reached target Paths.
[    5.764712] systemd[1]: Listening on udev Control Socket.
[[0;32m  OK  [0m] Listening on udev Control Socket.
[    5.779475] systemd[1]: Mounting POSIX Message Queue File System...
         Mounting POSIX Message Queue File System...
[    5.783907] systemd[1]: Starting Remount Root and Kernel File Systems...
         Starting Remount Root and Kernel File Systems...
[    5.789938] systemd[1]: Mounted Debug File System.
[[0;32m  OK  [0m] Mounted Debug File System.
[    5.792951] systemd[1]: Mounted Huge Pages File System.
[[0;32m  OK  [0m] Mounted Huge Pages File System.
[    5.795597] systemd[1]: Mounted POSIX Message Queue File System.
[[0;32m  OK  [0m] Mounted POSIX Message Queue File System.
[    5.799674] systemd[1]: Started Create list of required static device nodes for the current kernel.
[[0;32m  OK  [0m] Started Create list of required sta...ce nodes for the current kernel.
[    5.805900] systemd[1]: Started Load Kernel Modules.
[[0;32m  OK  [0m] Started Load Kernel Modules.
[    5.811174] systemd[1]: Starting Apply Kernel Variables...
         Starting Apply Kernel Variables...
[    5.814991] systemd[1]: Mounting FUSE Control File System...
         Mounting FUSE Control File System...
[    5.819148] systemd[1]: Starting Create Static Device Nodes in /dev...
         Starting Create Static Device Nodes in /dev...
[    5.824571] systemd[1]: Mounted FUSE Control File System.
[[0;32m  OK  [0m] Mounted FUSE Control File System.
[    5.885239] EXT4-fs (vda2): re-mounted. Opts: errors=remount-ro
[    5.895512] systemd[1]: Started Nameserver information manager.
[[0;32m  OK  [0m] Started Nameserver information manager.
[    5.899266] systemd[1]: Started Remount Root and Kernel File Systems.
[[0;32m  OK  [0m] Started Remount Root and Kernel File Systems.
[    5.904388] systemd[1]: Starting Initial cloud-init job (pre-networking)...
         Starting Initial cloud-init job (pre-networking)...
[    5.908620] systemd[1]: Starting Load/Save Random Seed...
         Starting Load/Save Random Seed...
[    5.979595] systemd[1]: Starting udev Coldplug all Devices...
         Starting udev Coldplug all Devices...
[    6.036386] systemd[1]: Started Load/Save Random Seed.
[[0;32m  OK  [0m] Started Load/Save Random Seed.
[    6.050389] systemd[1]: Started Set console keymap.
[[0;32m  OK  [0m] Started Set console keymap.
[[0;32m  OK  [0m] Started Apply Kernel Variables.
[[0;32m  OK  [0m] Started udev Coldplug all Devices.
[[0;32m  OK  [0m] Started Journal Service.
         Starting Flush Journal to Persistent Storage...
[[0;32m  OK  [0m] Started Flush Journal to Persistent Storage.
[[0;32m  OK  [0m] Started Create Static Device Nodes in /dev.
[[0;32m  OK  [0m] Reached target Local File Systems (Pre).
[[0;32m  OK  [0m] Reached target Local File Systems.
         Starting Set console font and keymap...
         Starting Create Volatile Files and Directories...
         Starting udev Kernel Device Manager...
[[0;32m  OK  [0m] Started Create Volatile Files and Directories.
         Starting Network Time Synchronization...
         Starting Update UTMP about System Boot/Shutdown...
[[0;32m  OK  [0m] Started Update UTMP about System Boot/Shutdown.
[[0;32m  OK  [0m] Started Network Time Synchronization.
[[0;32m  OK  [0m] Reached target System Time Synchronized.
[[0;32m  OK  [0m] Started Set console font and keymap.
[[0;32m  OK  [0m] Created slice system-getty.slice.
[[0;32m  OK  [0m] Started udev Kernel Device Manager.
[[0;32m  OK  [0m] Found device /dev/ttyS0.
[[0;32m  OK  [0m] Listening on Load/Save RF Kill Switch Status /dev/rfkill Watch.
[    8.664408] intel_rapl: no valid rapl domains found in package 0
[[0;32m  OK  [0m] Found device Virtio network device.
[    8.691767] intel_rapl: no valid rapl domains found in package 0
[   10.660553] cloud-init[226]: Cloud-init v. 21.1-19-gbad84ad4-0ubuntu1~16.04.2 running 'init-local' at Fri, 22 Oct 2021 08:34:41 +0000. Up 10.31 seconds.
[[0;32m  OK  [0m] Started Initial cloud-init job (pre-networking).
[[0;32m  OK  [0m] Reached target Network (Pre).
         Starting Raise network interfaces...
[[0;32m  OK  [0m] Started ifup for eth0.
[[0;32m  OK  [0m] Started Raise network interfaces.
[[0;32m  OK  [0m] Reached target Network.
         Starting Initial cloud-init job (metadata service crawler)...
[   12.451954] cloud-init[582]: Cloud-init v. 21.1-19-gbad84ad4-0ubuntu1~16.04.2 running 'init' at Fri, 22 Oct 2021 08:34:42 +0000. Up 11.31 seconds.
[   12.455897] cloud-init[582]: ci-info: +++++++++++++++++++++++++++++++++++++++Net device info+++++++++++++++++++++++++++++++++++++++
[   12.459997] cloud-init[582]: ci-info: +--------+------+------------------------------+---------------+--------+-------------------+
[   12.464524] cloud-init[582]: ci-info: | Device |  Up  |           Address            |      Mask     | Scope  |     Hw-Address    |
[   12.469044] cloud-init[582]: ci-info: +--------+------+------------------------------+---------------+--------+-------------------+
[   12.473400] cloud-init[582]: ci-info: |  eth0  | True |        192.168.111.14        | 255.255.255.0 | global | d0:0d:ab:b5:6d:39 |
[   12.477959] cloud-init[582]: ci-info: |  eth0  | True | fe80::d20d:abff:feb5:6d39/64 |       .       |  link  | d0:0d:ab:b5:6d:39 |
[   12.482724] cloud-init[582]: ci-info: |   lo   | True |          127.0.0.1           |   255.0.0.0   |  host  |         .         |
[   12.487223] cloud-init[582]: ci-info: |   lo   | True |           ::1/128            |       .       |  host  |         .         |
[   12.491559] cloud-init[582]: ci-info: +--------+------+------------------------------+---------------+--------+-------------------+
[   12.495617] cloud-init[582]: ci-info: +++++++++++++++++++++++++++++++Route IPv4 info+++++++++++++++++++++++++++++++
[   12.499681] cloud-init[582]: ci-info: +-------+---------------+---------------+---------------+-----------+-------+
[   12.503722] cloud-init[582]: ci-info: | Route |  Destination  |    Gateway    |    Genmask    | Interface | Flags |
[   12.507781] cloud-init[582]: ci-info: +-------+---------------+---------------+---------------+-----------+-------+
[   12.511992] cloud-init[582]: [[0;32m  OK  [0m] Started Initial cloud-init job (metadata service crawler).
[[0;32m  OK  [0mci-info: |   0   |    0.0.0.0    | 192.168.111.1 |    0.0.0.0    |    eth0   |   UG  |
] Reached target Cloud-config availability.[   12.516254] cloud-init[582]: ci-info: |   1   | 192.168.111.0 |    0.0.0.0    | 255.255.255.0 |    eth0   |   U   |

[   12.518422] cloud-init[582]: ci-info: +-------+---------------+---------------+---------------+-----------+-------+
[   12.522226] cloud-init[582]: ci-info: +++++++++++++++++++Route IPv6 info+++++++++++++++++++
[[0;32m  OK  [0m[   12.522622] cloud-init[582]: ci-info: +-------+-------------+---------+-----------+-------+
] Reached target System Initialization.[   12.524573] cloud-init[582]: ci-info: | Route | Destination | Gateway | Interface | Flags |

[   12.527019] cloud-init[582]: ci-info: +-------+-------------+---------+-----------+-------+
[   12.530456] cloud-init[582]: ci-info: |   0   |  fe80::/64  |    ::   |    eth0   |   U   |
[[0;32m  OK  [0m[   12.530870] cloud-init[582]: ci-info: |   3   |   ff00::/8  |    ::   |    eth0   |   U   |
] Listening on D-Bus System Message Bus Socket.[   12.533001] cloud-init[582]: ci-info: +-------+-------------+---------+-----------+-------+

[   12.535315] cloud-init[582]: Generating public/private rsa key pair.
[   12.538215] cloud-init[582]: Your identification has been saved in /etc/ssh/ssh_host_rsa_key.
[[   12.538643] cloud-init[582]: Your public key has been saved in /etc/ssh/ssh_host_rsa_key.pub.
[0;32m  OK  [0m] [   12.540204] cloud-init[582]: The key fingerprint is:
Reached target Sockets.
[   12.542178] cloud-init[582]: SHA256:ZL63Zkm7erpU1nuX2ujtNRGWEwTuMxFlSFyzyqs64z0 root@fhmandbd745baeqairoq
[   12.545418] cloud-init[582]: The key's randomart image is:
[[0;32m  OK  [0m[   12.545811] cloud-init[582]: +---[RSA 2048]----+
] Started Daily Cleanup of Temporary Directories.[   12.547209] cloud-init[582]: |            o+*B |

[   12.549115] cloud-init[582]: |            .oo =|
[   12.551128] cloud-init[582]: |        o    o * |
[   12.552720] cloud-init[582]: |       +   .o + o|
[[0;32m  OK  [0m[   12.553251] cloud-init[582]: |        S o .* . |
] [   12.554614] cloud-init[582]: |         +.  .+ o|
Started Message of the Day.
[   12.555614] cloud-init[582]: |        o..o...oo|
[   12.558134] cloud-init[582]: |       . +BE..=.o|
[[0;32m  OK  [0m[   12.558613] cloud-init[582]: |        =X*+o+.+ |
] Reached target Basic System.[   12.559943] cloud-init[582]: +----[SHA256]-----+

[   12.561622] cloud-init[582]: Generating public/private dsa key pair.
[   12.563943] cloud-init[582]: Your identification has been saved in /etc/ssh/ssh_host_dsa_key.
[   12.567127] cloud-init[582]: Your public key has been saved in /etc/ssh/ssh_host_dsa_key.pub.
[   12.569232] cloud-init[582]: The key fingerprint is:
[   12.570640] cloud-init[582]: SHA256:0VOQe6fpnWqXbnoMVu0XxHviXFuugyQSUWVPUnFY6Bk root@fhmandbd745baeqairoq
[   12.572828] cloud-init[582]: The key's randomart image is:
[   12.574375] cloud-init[582]: +---[DSA 1024]----+
[   12.575861] cloud-init[582]: |         .o+=.==o|
[   12.577343] cloud-init[582]: |        ...o +E+ |
[   12.578724] cloud-init[582]: |        ..o. .o+.|
[   12.580922] cloud-init[582]: |        ..... *o=|
[   12.581094] cloud-init[582]: |        S. . B ==|
[   12.581366] cloud-init[582]: |        . . * o.+|
[   12.581656] cloud-init[582]: |         . = = +.|
[   12.581911] cloud-init[582]: |            + @  |
[   12.582231] cloud-init[582]: |           .oB.. |
[   12.582554] cloud-init[582]: +----[SHA256]-----+
[   12.582873] cloud-init[582]: Generating public/private ecdsa key pair.
[   12.583166] cloud-init[582]: Your identification has been saved in /etc/ssh/ssh_host_ecdsa_key.
[   12.583420] cloud-init[582]: Your public key has been saved in /etc/ssh/ssh_host_ecdsa_key.pub.
[   12.583707] cloud-init[582]: The key fingerprint is:
[   12.584093] cloud-init[582]: SHA256:8sNr7P8x5KlpfpawdH6+aH1dYEJmgLdk1GJJyIMmPMg root@fhmandbd745baeqairoq
[   12.584374] cloud-init[582]: The key's randomart image is:
[   12.584705] cloud-init[582]: +---[ECDSA 256]---+
[   12.584935] cloud-init[582]: | . o   o =++     |
[   12.585190] cloud-init[582]: |  E + o = B =    |
[   12.585458] cloud-init[582]: |     +   * *     |
[   12.585697] cloud-init[582]: |          . . o  |
[   12.585949] cloud-init[582]: |      . S   .o . |
[   12.586250] cloud-init[582]: |       +  oo..  .|
[   12.586539] cloud-init[582]: |       .+. ==o  o|
[   12.586812] cloud-init[582]: |        oooo*+o o|
[   12.587044] cloud-init[582]: |       oo+==oooo |
[   12.587327] cloud-init[582]: +----[SHA256]-----+
[   12.587619] cloud-init[582]: Generating public/private ed25519 key pair.
[   12.587866] cloud-init[582]: Your identification has been saved in /etc/ssh/ssh_host_ed25519_key.
[   12.588431] cloud-init[582]: Your public key has been saved in /etc/ssh/ssh_host_ed25519_key.pub.
[   12.588696] cloud-init[582]: The key fingerprint is:
[   12.588969] cloud-init[582]: SHA256:MMlHFnpli2YQjSj32rSMmKkNBKyCx2lbDJpSrWG/pkE root@fhmandbd745baeqairoq
[   12.589216] cloud-init[582]: The key's randomart image is:
[   12.589475] cloud-init[582]: +--[ED25519 256]--+
[   12.589733] cloud-init[582]: |.  . .o++.o      |
[   12.589991] cloud-init[582]: |..* +..*.+ .     |
[   12.590239] cloud-init[582]: |+* X .* * .      |
[   12.590561] cloud-init[582]: |B.E + oB         |
[   12.591142] cloud-init[582]: |++ * B .S        |
[   12.591383] cloud-init[582]: |. * = +          |
[   12.591644] cloud-init[582]: | + +             |
[   12.591895] cloud-init[582]: |. o              |
[   12.593546] cloud-init[582]: |                 |
[   12.593782] cloud-init[582]: +----[SHA256]-----+
         Starting Permit User Sessions...
         Starting Accounts Service...
[[0;32m  OK  [0m] Started MongoDB Database Server.
         Starting LSB: Record successful boot for GRUB...
         Starting Login Service...
         Starting System Logging Service...
         Starting LSB: Set the CPU Frequency Scaling governor to "ondemand"...
[[0;32m  OK  [0m] Started Regular background program processing daemon.
[[0;32m  OK  [0m] Started D-Bus System Message Bus.
[[0;32m  OK  [0m] Started Daily apt download activities.
[[0;32m  OK  [0m] Started Daily apt upgrade and clean activities.
[[0;32m  OK  [0m] Reached target Timers.
         Starting OpenBSD Secure Shell server...
[[0;32m  OK  [0m] Reached target Network is Online.
         Starting /etc/rc.local Compatibility...
         Starting Apply the settings specified in cloud-config...
[[0;32m  OK  [0m] Started System Logging Service.
[[0;32m  OK  [0m] Started Permit User Sessions.
[[0;32m  OK  [0m] Started /etc/rc.local Compatibility.
[[0;32m  OK  [0m] Started Login Service.
[[0;32m  OK  [0m] Started Accounts Service.
[[0;32m  OK  [0m] Started Unattended Upgrades Shutdown.
         Starting Message of the Day...
         Starting Set console scheme...
[[0;32m  OK  [0m] Started Getty on tty1.
[[0;32m  OK  [0m] Started Serial Getty on ttyS0.
[[0;32m  OK  [0m] Reached target Login Prompts.
[[0;32m  OK  [0m] Started LSB: Set the CPU Frequency Scaling governor to "ondemand".
[[0;32m  OK  [0m] Started Message of the Day.
[[0;32m  OK  [0m] Started Set console scheme.
[[0;32m  OK  [0m] Started OpenBSD Secure Shell server.
[[0;32m  OK  [0m] Started LSB: Record successful boot for GRUB.
[[0;32m  OK  [0m] Reached target Multi-User System.
[[0;32m  OK  [0m] Reached target Graphical Interface.
         Starting Update UTMP about System Runlevel Changes...
[[0;32m  OK  [0m] Started Update UTMP about System Runlevel Changes.
[   18.679281] cloud-init[669]: Cloud-init v. 21.1-19-gbad84ad4-0ubuntu1~16.04.2 running 'modules:config' at Fri, 22 Oct 2021 08:34:45 +0000. Up 13.94 seconds.
ci-info: +++++++++++++++++++++++++++++Authorized keys from /home/ubuntu/.ssh/authorized_keys for user ubuntu++++++++++++++++++++++++++++++
ci-info: +---------+-------------------------------------------------------------------------------------------------+---------+---------+
ci-info: | Keytype |                                       Fingerprint (sha256)                                      | Options | Comment |
ci-info: +---------+-------------------------------------------------------------------------------------------------+---------+---------+
ci-info: | ssh-rsa | 68:72:3f:ed:ef:5c:e8:c6:08:f3:3a:ad:2c:25:3b:5e:b0:81:0b:fc:54:12:b1:30:00:0b:80:fa:65:8c:37:6a |    -    |    -    |
ci-info: | ssh-rsa | 2d:7e:08:6a:2e:23:b4:3b:a0:b4:02:d1:d2:fa:56:a8:0d:ce:40:6f:46:9a:c4:a8:3c:c6:9d:c6:5a:16:0a:f4 |    -    |    -    |
ci-info: +---------+-------------------------------------------------------------------------------------------------+---------+---------+
<14>Oct 22 08:34:50 ec2: 
<14>Oct 22 08:34:50 ec2: #############################################################
<14>Oct 22 08:34:50 ec2: -----BEGIN SSH HOST KEY FINGERPRINTS-----
<14>Oct 22 08:34:50 ec2: 1024 SHA256:0VOQe6fpnWqXbnoMVu0XxHviXFuugyQSUWVPUnFY6Bk root@fhmandbd745baeqairoq (DSA)
<14>Oct 22 08:34:50 ec2: 256 SHA256:8sNr7P8x5KlpfpawdH6+aH1dYEJmgLdk1GJJyIMmPMg root@fhmandbd745baeqairoq (ECDSA)
<14>Oct 22 08:34:50 ec2: 256 SHA256:MMlHFnpli2YQjSj32rSMmKkNBKyCx2lbDJpSrWG/pkE root@fhmandbd745baeqairoq (ED25519)
<14>Oct 22 08:34:50 ec2: 2048 SHA256:ZL63Zkm7erpU1nuX2ujtNRGWEwTuMxFlSFyzyqs64z0 root@fhmandbd745baeqairoq (RSA)
<14>Oct 22 08:34:50 ec2: -----END SSH HOST KEY FINGERPRINTS-----
<14>Oct 22 08:34:50 ec2: #############################################################
-----BEGIN SSH HOST KEY KEYS-----
ecdsa-sha2-nistp256 AAAAE2VjZHNhLXNoYTItbmlzdHAyNTYAAAAIbmlzdHAyNTYAAABBBJ7Si9zp6GzYfPTCCF22b37XdQDCQngAuEVv1U9Es+fXyBtSTKOIYx6JcvefD/75jCLozQkEFptZUgEdkR41/5E= root@fhmandbd745baeqairoq
ssh-ed25519 AAAAC3NzaC1lZDI1NTE5AAAAIFQdHqAswaJC2qD+++zJ3IGEmJQQyF953v/VYl/d/wZa root@fhmandbd745baeqairoq
ssh-rsa AAAAB3NzaC1yc2EAAAADAQABAAABAQCrTIHjrGtRT3r3dKYOvU6fwWnglcDn6mqRBrSHlr4UpG1NbhjETzqZNMHsq6+Jno/0gopdSu5+UohzbK2KD1dHked4qfmd2riPruvmxDTtprIHnBCfcU9oO3pg09XviZ3ppS9T/3UJ9oJCQOMpcbKI4kmEjoumaomcC0WuP6aLnMuCRQifAJj4vXKOZBUW8uCGHpS41sHk2+m600J3KTbvTcBDbDh6iGIrTmXeZKOeoYws0czdw9tWEANBXz5VoSFwLL+nFxgYmdCPvcP5UtUTl90IWXz0SQRs632Nhp5aANPqE8WkZNbXIud9OpvIGqEXYwUVeG5/3wcl1aoq02gj root@fhmandbd745baeqairoq
-----END SSH HOST KEY KEYS-----
[   19.373866] cloud-init[731]: Cloud-init v. 21.1-19-gbad84ad4-0ubuntu1~16.04.2 running 'modules:final' at Fri, 22 Oct 2021 08:34:50 +0000. Up 19.01 seconds.
[   19.374198] cloud-init[731]: Cloud-init v. 21.1-19-gbad84ad4-0ubuntu1~16.04.2 finished at Fri, 22 Oct 2021 08:34:50 +0000. Datasource DataSourceEc2.  Up 19.36 seconds

Ubuntu 16.04.7 LTS fhmandbd745baeqairoq ttyS0

fhmandbd745baeqairoq login: 